// Jest Snapshot v1, https://goo.gl/fbAQLP

exports[`CardProduct render Should match data for card component 1`] = `
<div>
  <div
    class="css-7ccns3"
  >
    <div
      class="css-ervdjc"
    >
      <p
        class="chakra-text css-1ok93o9"
      >
        Sold out
      </p>
    </div>
    <img
      alt="Lira Earrings"
      data-nimg="1"
      decoding="async"
      height="300"
      loading="lazy"
      src="/_next/image?url=https%3A%2F%2Ffirebasestorage.googleapis.com%2Fv0%2Fb%2Ftest-1-50371.appspot.com%2Fo%2Fshoppe-products%252FImg-04.png%3Falt%3Dmedia%26token%3D641c3cfe-cab6-4498-8632-eb511434e042&w=640&q=75"
      srcset="/_next/image?url=https%3A%2F%2Ffirebasestorage.googleapis.com%2Fv0%2Fb%2Ftest-1-50371.appspot.com%2Fo%2Fshoppe-products%252FImg-04.png%3Falt%3Dmedia%26token%3D641c3cfe-cab6-4498-8632-eb511434e042&w=384&q=75 1x, /_next/image?url=https%3A%2F%2Ffirebasestorage.googleapis.com%2Fv0%2Fb%2Ftest-1-50371.appspot.com%2Fo%2Fshoppe-products%252FImg-04.png%3Falt%3Dmedia%26token%3D641c3cfe-cab6-4498-8632-eb511434e042&w=640&q=75 2x"
      style="color: transparent;"
      width="300"
    />
    <div
      class="css-1xzknfv"
    >
      <a
        href="/products/1"
      >
        Lira Earrings
      </a>
      <p
        class="chakra-text css-1ovs4to"
      >
        $ 20.00
      </p>
    </div>
  </div>
  <span
    hidden=""
    id="__chakra_env"
  />
</div>
`;
