// Jest Snapshot v1, https://goo.gl/fbAQLP

exports[`Test App App matchers DOM Snapshot 1`] = `
Object {
  "asFragment": [Function],
  "baseElement": <body>
    <div>
      <div
        class="container"
        data-testid="app"
      >
        <header
          class="page-header"
        >
          <h2
            class="heading"
          >
            A list of books
          </h2>
          <div
            class="nav-btn"
          >
            <button
              class="button btn-primary btn-large"
              type="button"
            >
              Add New Book
            </button>
          </div>
        </header>
        <div
          class="filter-search"
        >
          <input
            class="search-input"
            data-testid="search"
            placeholder="Search..."
            type="search"
          />
        </div>
        <div
          class="book-list"
        >
          <div
            class="card-group"
          />
        </div>
      </div>
    </div>
  </body>,
  "container": <div>
    <div
      class="container"
      data-testid="app"
    >
      <header
        class="page-header"
      >
        <h2
          class="heading"
        >
          A list of books
        </h2>
        <div
          class="nav-btn"
        >
          <button
            class="button btn-primary btn-large"
            type="button"
          >
            Add New Book
          </button>
        </div>
      </header>
      <div
        class="filter-search"
      >
        <input
          class="search-input"
          data-testid="search"
          placeholder="Search..."
          type="search"
        />
      </div>
      <div
        class="book-list"
      >
        <div
          class="card-group"
        />
      </div>
    </div>
  </div>,
  "debug": [Function],
  "findAllByAltText": [Function],
  "findAllByDisplayValue": [Function],
  "findAllByLabelText": [Function],
  "findAllByPlaceholderText": [Function],
  "findAllByRole": [Function],
  "findAllByTestId": [Function],
  "findAllByText": [Function],
  "findAllByTitle": [Function],
  "findByAltText": [Function],
  "findByDisplayValue": [Function],
  "findByLabelText": [Function],
  "findByPlaceholderText": [Function],
  "findByRole": [Function],
  "findByTestId": [Function],
  "findByText": [Function],
  "findByTitle": [Function],
  "getAllByAltText": [Function],
  "getAllByDisplayValue": [Function],
  "getAllByLabelText": [Function],
  "getAllByPlaceholderText": [Function],
  "getAllByRole": [Function],
  "getAllByTestId": [Function],
  "getAllByText": [Function],
  "getAllByTitle": [Function],
  "getByAltText": [Function],
  "getByDisplayValue": [Function],
  "getByLabelText": [Function],
  "getByPlaceholderText": [Function],
  "getByRole": [Function],
  "getByTestId": [Function],
  "getByText": [Function],
  "getByTitle": [Function],
  "queryAllByAltText": [Function],
  "queryAllByDisplayValue": [Function],
  "queryAllByLabelText": [Function],
  "queryAllByPlaceholderText": [Function],
  "queryAllByRole": [Function],
  "queryAllByTestId": [Function],
  "queryAllByText": [Function],
  "queryAllByTitle": [Function],
  "queryByAltText": [Function],
  "queryByDisplayValue": [Function],
  "queryByLabelText": [Function],
  "queryByPlaceholderText": [Function],
  "queryByRole": [Function],
  "queryByTestId": [Function],
  "queryByText": [Function],
  "queryByTitle": [Function],
  "rerender": [Function],
  "unmount": [Function],
}
`;
