// Jest Snapshot v1, https://goo.gl/fbAQLP

exports[`LoginForm LoginForm matches snapshot 1`] = `
<div>
  <form>
    <div
      class="chakra-form-control css-1tu1hsb"
      role="group"
    >
      <label
        class="chakra-form__label css-1e23bqj"
        for="field-:r1:"
        id="field-:r1:-label"
      >
        Login
      </label>
      <input
        class="chakra-input css-pfxawx"
        data-testid="email"
        id="field-:r1:"
        name="email"
        placeholder="Email"
        type="email"
      />
      <input
        class="chakra-input css-wijn7f"
        data-testid="password"
        id="field-:r1:"
        name="password"
        placeholder="Password"
        type="password"
      />
      <button
        class="chakra-button css-rvf1lq"
        type="submit"
      >
        Sign In
      </button>
    </div>
  </form>
  <span
    hidden=""
    id="__chakra_env"
  />
</div>
`;
