// Jest Snapshot v1, https://goo.gl/fbAQLP

exports[`CardFeature component Renders CardFeature correctly 1`] = `
<div>
  <div
    class="css-x1mff1"
  >
    <figure
      class="css-ymn5md"
    >
      <img
        alt="blog wallpaper"
        data-nimg="fill"
        decoding="async"
        loading="lazy"
        sizes="100vw"
        src="/_next/image?url=https%3A%2F%2Ffirebasestorage.googleapis.com%2Fv0%2Fb%2Fimage-blog-155e2.appspot.com%2Fo%2Ffoodzero%252FCircleIcon.webp%3Falt%3Dmedia%26token%3D1df373f3-27a3-45f6-82fa-d997c47c718f&w=3840&q=75"
        srcset="/_next/image?url=https%3A%2F%2Ffirebasestorage.googleapis.com%2Fv0%2Fb%2Fimage-blog-155e2.appspot.com%2Fo%2Ffoodzero%252FCircleIcon.webp%3Falt%3Dmedia%26token%3D1df373f3-27a3-45f6-82fa-d997c47c718f&w=640&q=75 640w, /_next/image?url=https%3A%2F%2Ffirebasestorage.googleapis.com%2Fv0%2Fb%2Fimage-blog-155e2.appspot.com%2Fo%2Ffoodzero%252FCircleIcon.webp%3Falt%3Dmedia%26token%3D1df373f3-27a3-45f6-82fa-d997c47c718f&w=750&q=75 750w, /_next/image?url=https%3A%2F%2Ffirebasestorage.googleapis.com%2Fv0%2Fb%2Fimage-blog-155e2.appspot.com%2Fo%2Ffoodzero%252FCircleIcon.webp%3Falt%3Dmedia%26token%3D1df373f3-27a3-45f6-82fa-d997c47c718f&w=828&q=75 828w, /_next/image?url=https%3A%2F%2Ffirebasestorage.googleapis.com%2Fv0%2Fb%2Fimage-blog-155e2.appspot.com%2Fo%2Ffoodzero%252FCircleIcon.webp%3Falt%3Dmedia%26token%3D1df373f3-27a3-45f6-82fa-d997c47c718f&w=1080&q=75 1080w, /_next/image?url=https%3A%2F%2Ffirebasestorage.googleapis.com%2Fv0%2Fb%2Fimage-blog-155e2.appspot.com%2Fo%2Ffoodzero%252FCircleIcon.webp%3Falt%3Dmedia%26token%3D1df373f3-27a3-45f6-82fa-d997c47c718f&w=1200&q=75 1200w, /_next/image?url=https%3A%2F%2Ffirebasestorage.googleapis.com%2Fv0%2Fb%2Fimage-blog-155e2.appspot.com%2Fo%2Ffoodzero%252FCircleIcon.webp%3Falt%3Dmedia%26token%3D1df373f3-27a3-45f6-82fa-d997c47c718f&w=1920&q=75 1920w, /_next/image?url=https%3A%2F%2Ffirebasestorage.googleapis.com%2Fv0%2Fb%2Fimage-blog-155e2.appspot.com%2Fo%2Ffoodzero%252FCircleIcon.webp%3Falt%3Dmedia%26token%3D1df373f3-27a3-45f6-82fa-d997c47c718f&w=2048&q=75 2048w, /_next/image?url=https%3A%2F%2Ffirebasestorage.googleapis.com%2Fv0%2Fb%2Fimage-blog-155e2.appspot.com%2Fo%2Ffoodzero%252FCircleIcon.webp%3Falt%3Dmedia%26token%3D1df373f3-27a3-45f6-82fa-d997c47c718f&w=3840&q=75 3840w"
        style="position: absolute; height: 100%; width: 100%; left: 0px; top: 0px; right: 0px; bottom: 0px; color: transparent;"
      />
    </figure>
    <h4
      class="chakra-heading css-wjzj4g"
    >
      Premium Quality
    </h4>
    <p
      class="chakra-text css-1jn4o6p"
    >
      Lorem ipsum dolor sit amet, consectetur adipiscing elit. Neque congue arcu
    </p>
  </div>
  <span
    hidden=""
    id="__chakra_env"
  />
</div>
`;
