// Jest Snapshot v1, https://goo.gl/fbAQLP

exports[`TextSlider component Renders TextSlider correctly 1`] = `
<div>
  <div
    class="css-0"
  >
    <p
      class="chakra-text css-zelfmh"
    >
      â€œ 
      Lorem ipsum dolor sit amet, consectetur adipiscing elit. Purus lorem id penatibus impedient. Turpis egestas ultricies purus  Lorem ipsum dolor sit amet.
    </p>
    <div
      class="css-1vjcr4l"
    >
      <div
        class="css-mgvg8t"
      >
        <span
          class="chakra-avatar css-1kva3cr"
        >
          <div
            aria-label="John Doe"
            class="chakra-avatar__initials css-uo84k3"
            role="img"
          >
            JD
          </div>
        </span>
        <div
          class="css-0"
        >
          <h5
            class="chakra-heading css-ai6zdm"
          >
            John Doe
          </h5>
          <p
            class="chakra-text css-lv0zmh"
          >
            Blogger
          </p>
        </div>
      </div>
      <div
        class="css-11yd5ay"
      >
        <button
          class="chakra-button css-yvsqkp"
          data-testid="buttonBack"
          type="button"
        >
          <img
            alt="right arrow icon"
            data-nimg="1"
            decoding="async"
            height="26"
            loading="lazy"
            src="/_next/image?url=%2Fimages%2FleftArrow.webp&w=96&q=75"
            srcset="/_next/image?url=%2Fimages%2FleftArrow.webp&w=48&q=75 1x, /_next/image?url=%2Fimages%2FleftArrow.webp&w=96&q=75 2x"
            style="color: transparent;"
            width="46"
          />
        </button>
        <p
          class="chakra-text css-37ekto"
        >
          1
          /
          3
        </p>
        <button
          class="chakra-button css-yvsqkp"
          data-testid="buttonNext"
          type="button"
        >
          <img
            alt="right arrow icon"
            data-nimg="1"
            decoding="async"
            height="26"
            loading="lazy"
            src="/_next/image?url=%2Fimages%2FrightArrow.webp&w=96&q=75"
            srcset="/_next/image?url=%2Fimages%2FrightArrow.webp&w=48&q=75 1x, /_next/image?url=%2Fimages%2FrightArrow.webp&w=96&q=75 2x"
            style="color: transparent;"
            width="46"
          />
        </button>
      </div>
    </div>
  </div>
  <span
    hidden=""
    id="__chakra_env"
  />
</div>
`;
