// Jest Snapshot v1, https://goo.gl/fbAQLP

exports[`Contact page Renders Contact page correctly 1`] = `
<div>
  <div
    class="css-nvhpv2"
  >
    <h2
      class="chakra-heading css-1yuujut"
    >
      Get in Touch
    </h2>
    <p
      class="chakra-text css-1tw25a6"
    >
      The freshest ingredients for you every day
    </p>
    <div
      class="css-1cnznuc"
    >
      <div
        class="css-ftk6jc"
      >
        <div
          class="css-34hfx4"
        >
          <p
            class="chakra-text css-sqdrsl"
          >
            Open Time
          </p>
          <p
            class="chakra-text css-1xhkjsw"
          >
            Sunday - Friday
          </p>
        </div>
        <hr
          class="css-1iijbtl"
        />
        <ul
          class="css-1o7naxv"
          role="list"
        >
          <li
            class="css-0"
          >
            <p
              class="chakra-text css-1xhkjsw"
            >
              Brunch
            </p>
            <p
              class="chakra-text css-1xhkjsw"
            >
              11:00–12:00
            </p>
          </li>
          <li
            class="css-0"
          >
            <p
              class="chakra-text css-1xhkjsw"
            >
              Lunch
            </p>
            <p
              class="chakra-text css-1xhkjsw"
            >
              13:00–17:00
            </p>
          </li>
          <li
            class="css-0"
          >
            <p
              class="chakra-text css-1xhkjsw"
            >
              Dinner
            </p>
            <p
              class="chakra-text css-1xhkjsw"
            >
              18:00–20:00
            </p>
          </li>
        </ul>
      </div>
    </div>
  </div>
  <section
    class="css-3sirfx"
  >
    <div
      class="css-o92bs3"
    >
      <div
        class="css-ucw92d"
      >
        <img
          alt="excellent cook picture"
          data-nimg="fill"
          decoding="async"
          loading="lazy"
          sizes="(max-width: 768px) 277px, 314px (min-width: 1200px) 792px, 898px"
          src="/_next/image?url=%2Fimages%2FdinnerTable.webp&w=3840&q=75"
          srcset="/_next/image?url=%2Fimages%2FdinnerTable.webp&w=16&q=75 16w, /_next/image?url=%2Fimages%2FdinnerTable.webp&w=32&q=75 32w, /_next/image?url=%2Fimages%2FdinnerTable.webp&w=48&q=75 48w, /_next/image?url=%2Fimages%2FdinnerTable.webp&w=64&q=75 64w, /_next/image?url=%2Fimages%2FdinnerTable.webp&w=96&q=75 96w, /_next/image?url=%2Fimages%2FdinnerTable.webp&w=128&q=75 128w, /_next/image?url=%2Fimages%2FdinnerTable.webp&w=256&q=75 256w, /_next/image?url=%2Fimages%2FdinnerTable.webp&w=384&q=75 384w, /_next/image?url=%2Fimages%2FdinnerTable.webp&w=640&q=75 640w, /_next/image?url=%2Fimages%2FdinnerTable.webp&w=750&q=75 750w, /_next/image?url=%2Fimages%2FdinnerTable.webp&w=828&q=75 828w, /_next/image?url=%2Fimages%2FdinnerTable.webp&w=1080&q=75 1080w, /_next/image?url=%2Fimages%2FdinnerTable.webp&w=1200&q=75 1200w, /_next/image?url=%2Fimages%2FdinnerTable.webp&w=1920&q=75 1920w, /_next/image?url=%2Fimages%2FdinnerTable.webp&w=2048&q=75 2048w, /_next/image?url=%2Fimages%2FdinnerTable.webp&w=3840&q=75 3840w"
          style="position: absolute; height: 100%; width: 100%; left: 0px; top: 0px; right: 0px; bottom: 0px; color: transparent;"
        />
      </div>
      <p
        class="chakra-text css-1glnzsa"
      >
        We can be contacted 
        <br />
         via email
         
        <a
          class="chakra-link css-13jvj27"
          href="mailto:info@foodzero.com"
        >
          <b
            class="chakra-text css-5d3nhb"
          >
            info@foodzero.com
          </b>
        </a>
        <br />
        or telephone on
         
        <a
          class="chakra-link css-13jvj27"
          href="tel:+86 852 346 000"
        >
          <b
            class="chakra-text css-5d3nhb"
          >
            +86 852 346 000
          </b>
        </a>
      </p>
    </div>
    <div
      class="css-1475amg"
    >
      <p
        class="chakra-text css-lav4hd"
      >
        We are located in 
        1959 Sepulveda Blvd. Culver City, CA, 90230
      </p>
      <div
        class="css-1tot7m6"
      >
        <img
          alt="excellent cook picture"
          data-nimg="fill"
          decoding="async"
          loading="lazy"
          sizes="(max-width: 768px) 277px, 314px (min-width: 1200px) 792px, 898px"
          src="/_next/image?url=%2Fimages%2Faddress.webp&w=3840&q=75"
          srcset="/_next/image?url=%2Fimages%2Faddress.webp&w=16&q=75 16w, /_next/image?url=%2Fimages%2Faddress.webp&w=32&q=75 32w, /_next/image?url=%2Fimages%2Faddress.webp&w=48&q=75 48w, /_next/image?url=%2Fimages%2Faddress.webp&w=64&q=75 64w, /_next/image?url=%2Fimages%2Faddress.webp&w=96&q=75 96w, /_next/image?url=%2Fimages%2Faddress.webp&w=128&q=75 128w, /_next/image?url=%2Fimages%2Faddress.webp&w=256&q=75 256w, /_next/image?url=%2Fimages%2Faddress.webp&w=384&q=75 384w, /_next/image?url=%2Fimages%2Faddress.webp&w=640&q=75 640w, /_next/image?url=%2Fimages%2Faddress.webp&w=750&q=75 750w, /_next/image?url=%2Fimages%2Faddress.webp&w=828&q=75 828w, /_next/image?url=%2Fimages%2Faddress.webp&w=1080&q=75 1080w, /_next/image?url=%2Fimages%2Faddress.webp&w=1200&q=75 1200w, /_next/image?url=%2Fimages%2Faddress.webp&w=1920&q=75 1920w, /_next/image?url=%2Fimages%2Faddress.webp&w=2048&q=75 2048w, /_next/image?url=%2Fimages%2Faddress.webp&w=3840&q=75 3840w"
          style="position: absolute; height: 100%; width: 100%; left: 0px; top: 0px; right: 0px; bottom: 0px; color: transparent;"
        />
      </div>
    </div>
  </section>
  <section
    class="css-628vpw"
  >
    <form
      novalidate=""
    >
      <div
        class="chakra-form-control css-thxs3d"
        role="group"
      >
        <div
          class="css-yjtq8f"
        >
          <h3
            class="chakra-heading css-mxgfwf"
          >
            Make a Reservation
          </h3>
          <p
            class="chakra-text css-u5t5z0"
          >
            Get in touch with restaurant
          </p>
        </div>
        <div
          class="css-shk6y1"
        >
          <input
            class="chakra-input css-vsl0b9"
            id="field-:r0:"
            name="firstName"
            placeholder="First Name"
            type="text"
          />
          <input
            class="chakra-input css-vsl0b9"
            id="field-:r0:"
            name="lastName"
            placeholder="Last Name"
            type="text"
          />
        </div>
        <div
          class="css-9xs73v"
        >
          <input
            class="chakra-input css-1lqzwk"
            id="field-:r0:"
            name="email"
            placeholder="Email"
            type="email"
          />
        </div>
        <div
          class="css-9xs73v"
        >
          <input
            class="chakra-input css-1lqzwk"
            id="field-:r0:"
            name="phone"
            placeholder="Phone"
            type="tel"
            value=""
          />
        </div>
        <div
          class="css-1ctr036"
        >
          <div
            class="css-pl1d54"
          >
            <div
              class="css-0"
            >
              <div
                class="react-datepicker-wrapper"
              >
                <div
                  class="react-datepicker__input-container"
                >
                  <input
                    class="chakra-input css-130huxc"
                    id="field-:r0:"
                    placeholder="MM/DD/YYYY"
                    value=""
                  />
                </div>
              </div>
            </div>
            <div
              class="chakra-select__wrapper css-1bvc7kd"
            >
              <select
                class="chakra-select css-1srlo7p"
                data-testid="selectTime"
                id="field-:r0:"
                name="time"
                style="padding-left: 40px;"
              >
                <option
                  value="11:00 am"
                >
                  11:00 am
                </option>
                <option
                  value="12:00 am"
                >
                  12:00 am
                </option>
                <option
                  value="13:00 pm"
                >
                  13:00 pm
                </option>
                <option
                  value="14:00 pm"
                >
                  14:00 pm
                </option>
                <option
                  value="15:00 pm"
                >
                  15:00 pm
                </option>
                <option
                  value="16:00 pm"
                >
                  16:00 pm
                </option>
                <option
                  value="17:00 pm"
                >
                  17:00 pm
                </option>
                <option
                  value="18:00 pm"
                >
                  18:00 pm
                </option>
                <option
                  value="19:00 pm"
                >
                  19:00 pm
                </option>
              </select>
              <div
                class="chakra-select__icon-wrapper css-1rn5cz7"
              >
                <svg
                  aria-hidden="true"
                  class="chakra-icon chakra-select__icon css-13wnv3o"
                  focusable="false"
                  role="presentation"
                  style="width: 1em; height: 1em; color: currentColor;"
                  viewBox="0 0 24 24"
                >
                  <path
                    d="M16.59 8.59L12 13.17 7.41 8.59 6 10l6 6 6-6z"
                    fill="currentColor"
                  />
                </svg>
              </div>
            </div>
          </div>
          <div
            class="chakra-select__wrapper css-42b2qy"
          >
            <select
              class="chakra-select css-1srlo7p"
              data-testid="selectPerson"
              id="field-:r0:"
              name="person"
              style="padding-left: 40px;"
            >
              <option
                value="1 Person"
              >
                1 Person
              </option>
              <option
                value="2 Person"
              >
                2 Person
              </option>
              <option
                value="3 Person"
              >
                3 Person
              </option>
              <option
                value="4 Person"
              >
                4 Person
              </option>
              <option
                value="5 Person"
              >
                5 Person
              </option>
              <option
                value="6 Person"
              >
                6 Person
              </option>
              <option
                value="7 Person"
              >
                7 Person
              </option>
              <option
                value="8 Person"
              >
                8 Person
              </option>
              <option
                value="9 Person"
              >
                9 Person
              </option>
              <option
                value="10 Person"
              >
                10 Person
              </option>
            </select>
            <div
              class="chakra-select__icon-wrapper css-1rn5cz7"
            >
              <svg
                aria-hidden="true"
                class="chakra-icon chakra-select__icon css-13wnv3o"
                focusable="false"
                role="presentation"
                style="width: 1em; height: 1em; color: currentColor;"
                viewBox="0 0 24 24"
              >
                <path
                  d="M16.59 8.59L12 13.17 7.41 8.59 6 10l6 6 6-6z"
                  fill="currentColor"
                />
              </svg>
            </div>
          </div>
        </div>
        <div
          class="css-82fcae"
        >
          <button
            class="chakra-button css-6hbgfx"
            disabled=""
            type="submit"
          >
            Book Now
          </button>
        </div>
      </div>
    </form>
  </section>
  <span
    hidden=""
    id="__chakra_env"
  />
</div>
`;
